clear ws
	¦Quad Functions for use with Unix System Calls
	¦---------------------------------------------
	fd0 •open 'quad_fns.dat'
	afd •read 6
	a
1234.5
	bfd •read 6
	b

abcde
	•close fd
0
	
	¦Quad Functions for use with User Defined Functions
	¦--------------------------------------------------
	)load makeN.ws
  hh:mm.ss mm/dd/yy makeN.ws
	)fns
makeN	
	a•cr 'makeN'
	•a
ìzmakeN a                      
…(1=ûa,a)/end                  
z((10*ı1+ûa)’â1Œa)ø.+ makeN 1‹a
…0                              
end:zâa                        
ì                               
                                
	)erase makeN
	)vars
a	
	)fns

	•fx a

	)vars
a	
	)fns
makeN	
	)list makeN 

	ìzmakeN a                      
[1]	…(1=ûa,a)/end                  
[2]	z((10*ı1+ûa)’â1Œa)ø.+ makeN 1‹a
[3]	…0                              
[4]	end:zâa                        
[5]	ì                               
[6]	                                

	
